2025-12-30 11:54:34,111 - INFO - Splitting train, val, test sets.
2025-12-30 11:57:25,473 - INFO - Splitting train, val, test sets.
2025-12-30 12:00:32,179 - INFO - Splitting train, val, test sets.
2025-12-30 12:00:32,198 - INFO - Removed 10 rows due to feature engineering NaN values
2025-12-30 12:00:32,205 - INFO - Removed 10 rows due to feature engineering NaN values
2025-12-30 12:00:32,211 - INFO - Removed 10 rows due to feature engineering NaN values
2025-12-30 12:00:32,214 - INFO - Initializing ML models
2025-12-30 12:00:32,214 - INFO - Training Linear_Regression...
2025-12-30 12:00:32,223 - INFO - Linear_Regression - Val R²: 0.9645, Val RMSE: 3.5565
2025-12-30 12:00:32,223 - INFO - Training Ridge_Regression...
2025-12-30 12:00:32,230 - INFO - Ridge_Regression - Val R²: 0.9639, Val RMSE: 3.5888
2025-12-30 12:00:32,230 - INFO - Training Lasso_Regression...
2025-12-30 12:00:32,269 - INFO - Lasso_Regression - Val R²: 0.9666, Val RMSE: 3.4528
2025-12-30 12:00:32,269 - INFO - Training Decision_Tree...
2025-12-30 12:00:32,292 - INFO - Decision_Tree - Val R²: -0.3168, Val RMSE: 21.6736
2025-12-30 12:00:32,292 - INFO - Training Random_Forest...
2025-12-30 12:00:32,565 - INFO - Random_Forest - Val R²: 0.2983, Val RMSE: 15.8213
2025-12-30 12:00:32,565 - INFO - Training Gradient_Boosting...
2025-12-30 12:00:33,801 - INFO - Gradient_Boosting - Val R²: 0.2260, Val RMSE: 16.6166
2025-12-30 12:00:33,801 - INFO - Training Neural_Network...
2025-12-30 12:00:33,898 - INFO - Neural_Network - Val R²: -26405880164.5037, Val RMSE: 3069151.0048
2025-12-30 12:00:33,900 - INFO - Performing hyperparameter tuning for Lasso_Regression
2025-12-30 12:00:36,334 - INFO - Best parameters for Lasso_Regression: {'alpha': 0.01}
2025-12-30 12:00:36,335 - INFO - Best CV score: 0.9964
2025-12-30 12:00:36,386 - INFO - Splitting train, val, test sets.
2025-12-30 12:00:36,404 - INFO - Removed 10 rows due to feature engineering NaN values
2025-12-30 12:00:36,418 - INFO - Removed 10 rows due to feature engineering NaN values
2025-12-30 12:00:36,424 - INFO - Removed 10 rows due to feature engineering NaN values
2025-12-30 12:00:36,435 - INFO - Initializing ML models
2025-12-30 12:00:36,435 - INFO - Training Linear_Regression...
2025-12-30 12:00:36,440 - INFO - Linear_Regression - Val R²: 1.0000, Val RMSE: 0.1164
2025-12-30 12:00:36,440 - INFO - Training Ridge_Regression...
2025-12-30 12:00:36,446 - INFO - Ridge_Regression - Val R²: 1.0000, Val RMSE: 0.1162
2025-12-30 12:00:36,446 - INFO - Training Lasso_Regression...
2025-12-30 12:00:36,482 - INFO - Lasso_Regression - Val R²: 0.9995, Val RMSE: 0.3868
2025-12-30 12:00:36,482 - INFO - Training Decision_Tree...
2025-12-30 12:00:36,501 - INFO - Decision_Tree - Val R²: 0.3601, Val RMSE: 14.0717
2025-12-30 12:00:36,501 - INFO - Training Random_Forest...
2025-12-30 12:00:36,820 - INFO - Random_Forest - Val R²: 0.3400, Val RMSE: 14.2918
2025-12-30 12:00:36,820 - INFO - Training Gradient_Boosting...
2025-12-30 12:00:38,054 - INFO - Gradient_Boosting - Val R²: 0.3643, Val RMSE: 14.0260
2025-12-30 12:00:38,054 - INFO - Training Neural_Network...
2025-12-30 12:00:38,249 - INFO - Neural_Network - Val R²: -2632016195.1634, Val RMSE: 902508.9662
2025-12-30 12:00:38,251 - INFO - Performing hyperparameter tuning for Ridge_Regression
2025-12-30 12:00:38,353 - INFO - Best parameters for Ridge_Regression: {'alpha': 0.1}
2025-12-30 12:00:38,353 - INFO - Best CV score: 0.9997
2025-12-30 12:00:38,360 - INFO - Splitting train, val, test sets.
2025-12-30 12:00:38,383 - INFO - Removed 10 rows due to feature engineering NaN values
2025-12-30 12:00:38,392 - INFO - Removed 10 rows due to feature engineering NaN values
2025-12-30 12:00:38,400 - INFO - Removed 10 rows due to feature engineering NaN values
2025-12-30 12:00:38,411 - INFO - Initializing ML models
2025-12-30 12:00:38,411 - INFO - Training Linear_Regression...
2025-12-30 12:00:38,413 - INFO - Linear_Regression - Val R²: 0.9323, Val RMSE: 10.8175
2025-12-30 12:00:38,413 - INFO - Training Ridge_Regression...
2025-12-30 12:00:38,414 - INFO - Ridge_Regression - Val R²: 0.9329, Val RMSE: 10.7699
2025-12-30 12:00:38,414 - INFO - Training Lasso_Regression...
2025-12-30 12:00:38,497 - INFO - Lasso_Regression - Val R²: 0.9364, Val RMSE: 10.4880
2025-12-30 12:00:38,497 - INFO - Training Decision_Tree...
2025-12-30 12:00:38,529 - INFO - Decision_Tree - Val R²: -0.9752, Val RMSE: 58.4414
2025-12-30 12:00:38,529 - INFO - Training Random_Forest...
2025-12-30 12:00:38,840 - INFO - Random_Forest - Val R²: -1.0620, Val RMSE: 59.7121
2025-12-30 12:00:38,840 - INFO - Training Gradient_Boosting...
2025-12-30 12:00:40,107 - INFO - Gradient_Boosting - Val R²: -0.8494, Val RMSE: 56.5506
2025-12-30 12:00:40,108 - INFO - Training Neural_Network...
2025-12-30 12:00:40,462 - INFO - Neural_Network - Val R²: -548759533.7654, Val RMSE: 974109.3117
2025-12-30 12:00:40,464 - INFO - Performing hyperparameter tuning for Lasso_Regression
2025-12-30 12:00:40,635 - INFO - Best parameters for Lasso_Regression: {'alpha': 0.01}
2025-12-30 12:00:40,635 - INFO - Best CV score: 0.9957
